
> benny-projrct@0.0.0 build
> vite build

[36mvite v7.3.1 [32mbuilding client environment for production...[36m[39m
transforming...
[32mΓ£ô[39m 38 modules transformed.
node.exe : 
[31mΓ£ù[39m Build 
failed in 783ms
At line:1 char:1
+ & "C:\Program Files
\nodejs/node.exe" 
"C:\Program 
Files\nodejs/node_mo 
...
+ ~~~~~~~~~~~~~~~~~~~
~~~~~~~~~~~~~~~~~~~~~
~~~~~~~~~~~~~~~~~~~~~
~~~~~~~~
    + CategoryInfo   
           : NotSpe  
  cified: ([31mΓ£   
 ù[39m Build fai    
led in 783ms:Str    
ing) [], RemoteE    
xception
    + FullyQualified 
   ErrorId : Native  
  CommandError
 
[31merror during 
build:
[31mCould not 
resolve "../styles/Do
ctorRegistration.css"
 from "src/features/h
ospitals/pages/Hospit
alProfile.jsx"[31m
file: [36mD:/sam 
personal/Heal 
sphere/Heal sphere/sr
c/features/hospitals/
pages/HospitalProfile
.jsx[31m
    at 
getRollupError (file:
///D:/sam%20personal/
Heal%20sphere/Heal%20
sphere/node_modules/r
ollup/dist/es/shared/
parseAst.js:402:41)
    at error (file://
/D:/sam%20personal/He
al%20sphere/Heal%20sp
here/node_modules/rol
lup/dist/es/shared/pa
rseAst.js:398:42)
    at ModuleLoader.h
andleInvalidResolvedI
d (file:///D:/sam%20p
ersonal/Heal%20sphere
/Heal%20sphere/node_m
odules/rollup/dist/es
/shared/node-entry.js
:21687:24)
    at file:///D:/sam
%20personal/Heal%20sp
here/Heal%20sphere/no
de_modules/rollup/dis
t/es/shared/node-entr
y.js:21647:26[39m
